---
source: tui/src/chatwidget/tests/usage.rs
expression: "render_bottom_popup(&chat, 44)"
---
  Usage limit resets
  2 usage limit resets available.

› 1. Cancel
  2. Full reset  Expires 09:39 on 18 Jun
                 2026.
  3. Full reset  Does not expire.

  Press enter to confirm or esc to go back
