---
source: tui/src/chatwidget/tests.rs
assertion_line: 2819
expression: term.backend().vt100().screen().contents()
---
• I’m going to search the repo for where “Change Approved” is rendered to update
  that view.

• Investigating rendering code (0s • esc to interrupt)


› Summarize recent commits

  100% context left
